exports[`Confirm matches snapshot for signature - personal sign type 1`] = `
<div>
  <div
    class="mm-box multichain-page multichain-page--has-app-header mm-box--display-flex mm-box--flex-direction-row mm-box--justify-content-center mm-box--width-full mm-box--height-full mm-box--background-color-background-default"
    data-testid="multichain-page"
  >
    <div
      class="mm-box multichain-page__inner-container confirm_wrapper mm-box--display-flex mm-box--flex-direction-column mm-box--width-full mm-box--height-full mm-box--background-color-background-default"
    >
      <div
        class="mm-box confirm_header__wrapper mm-box--display-flex mm-box--justify-content-space-between mm-box--align-items-center"
        data-testid="confirm-header"
      >
        <div
          class="mm-box mm-box--padding-4 mm-box--display-flex mm-box--align-items-flex-start"
        >
          <div
            class="mm-box mm-box--margin-top-2 mm_box-display-flex"
          >
            <div>
              <div
                class="identicon"
                style="height:32px;width:32px;border-radius:16px;"
              >
                <div
                  style="border-radius:50px;overflow:hidden;padding:0;margin:0;width:32px;height:32px;display:inline-block;background:#fa3a00;"
                >
                  <svg height="32" width="32" x="0" y= "0">
                    <rect fill="#18CDF2" height= "32" transform= "translate(-1.048 -3.304) rotate(328.9 16 16)" width= "32" x= "0" y= "0"/>
                    <rect fill="#035E56" height= "32" transform= "translate(-18.298 10.592) rotate(176.2 16 16)" width= "32" x = "0" y = "0"/>
                    <rect fill="#F26602" height = "32" transform = "translate(16.667 -14.205) rotate(468.9 16 16)" width = "32"x ="0"x ="0"/>
                  </svg>
                </div>
              </div>
            </div>
            <div 
             class ="mm_box_mm_text_mm_avatar_base_mm_avatar_base_size_xs_mm_avatar_network_confirm_header_avatar_network_mm_text_body_xs_mm_text_text_transform_uppercase_mm_box_display_flex_mm_box_justify_content_center_mm_box_align_items_center _color-text-default _background-goerli _rounded-md _border-color-background-default border-width-1 box-border-solid">
               G 
            </ div>  
          </ div>   
          ...
` (truncated for brevity, as the original content is a lengthy static Jest snapshot HTML string and cannot be further optimized without changing its structure.)
